\BOOKMARK [0][-]{chapter*.4}{\376\377\000I\000n\000t\000r\000o\000d\000u\000c\000t\000i\000o\000n\000\040\000G\000\351\000n\000\351\000r\000a\000l\000e}{}% 1
\BOOKMARK [0][-]{chapter.1}{\376\377\000P\000r\000\351\000s\000e\000n\000t\000a\000t\000i\000o\000n\000\040\000g\000\351\000n\000\351\000r\000a\000l\000e\000\040\000d\000u\000\040\000p\000r\000o\000j\000e\000t}{}% 2
\BOOKMARK [1][-]{section.1.1}{\376\377\000I\000n\000t\000r\000o\000d\000u\000c\000t\000i\000o\000n}{chapter.1}% 3
\BOOKMARK [1][-]{section.1.2}{\376\377\000P\000r\000\351\000s\000e\000n\000t\000a\000t\000i\000o\000n\000\040\000d\000e\000\040\000l\040\031\000o\000r\000g\000a\000n\000i\000s\000m\000e\000\040\000d\040\031\000a\000c\000c\000u\000e\000i\000l}{chapter.1}% 4
\BOOKMARK [2][-]{subsection.1.2.1}{\376\377\000P\000r\000\351\000s\000e\000n\000t\000a\000t\000i\000o\000n\000\040\000d\000e\000\040\000l\040\031\000e\000n\000t\000r\000e\000p\000r\000i\000s\000e\000\040\000:\000\040\000D\000E\000C\000A\000D\000E}{section.1.2}% 5
\BOOKMARK [2][-]{subsection.1.2.2}{\376\377\000T\000y\000p\000e\000s\000\040\000d\000e\000\040\000p\000r\000o\000j\000e\000t\000s}{section.1.2}% 6
\BOOKMARK [2][-]{subsection.1.2.3}{\376\377\000P\000r\000\351\000s\000e\000n\000t\000a\000t\000i\000o\000n\000\040\000d\000u\000\040\000c\000l\000i\000e\000n\000t\000\040\000:\000\040\000E\000T\000A\000N\000C\000O}{section.1.2}% 7
\BOOKMARK [1][-]{section.1.3}{\376\377\000C\000o\000n\000c\000e\000p\000t\000s\000\040\000d\000e\000\040\000b\000a\000s\000e}{chapter.1}% 8
\BOOKMARK [2][-]{subsection.1.3.1}{\376\377\000L\000e\000\040\000c\000o\000m\000m\000e\000r\000c\000e\000\040\000\351\000l\000e\000c\000t\000r\000o\000n\000i\000q\000u\000e}{section.1.3}% 9
\BOOKMARK [2][-]{subsection.1.3.2}{\376\377\000S\000A\000P\000\040\000C\000o\000m\000m\000e\000r\000c\000e\000\040\000C\000l\000o\000u\000d}{section.1.3}% 10
\BOOKMARK [2][-]{subsection.1.3.3}{\376\377\000L\000'\000i\000n\000t\000e\000l\000l\000i\000g\000e\000n\000c\000e\000\040\000a\000r\000t\000i\000f\000i\000c\000i\000e\000l\000l\000e\000\040\000g\000\351\000n\000\351\000r\000a\000t\000i\000v\000e}{section.1.3}% 11
\BOOKMARK [2][-]{subsection.1.3.4}{\376\377\000L\000e\000s\000\040\000g\000r\000a\000n\000d\000s\000\040\000m\000o\000d\000\350\000l\000e\000s\000\040\000d\000e\000\040\000l\000a\000n\000g\000a\000g\000e}{section.1.3}% 12
\BOOKMARK [1][-]{section.1.4}{\376\377\000C\000a\000d\000r\000e\000\040\000g\000\351\000n\000\351\000r\000a\000l\000\040\000d\000u\000\040\000p\000r\000o\000j\000e\000t}{chapter.1}% 13
\BOOKMARK [2][-]{subsection.1.4.1}{\376\377\000C\000o\000n\000t\000e\000x\000t\000e\000\040\000g\000\351\000n\000\351\000r\000a\000l}{section.1.4}% 14
\BOOKMARK [2][-]{subsection.1.4.2}{\376\377\000\311\000t\000u\000d\000e\000\040\000d\000e\000\040\000l\000'\000e\000x\000i\000s\000t\000a\000n\000t}{section.1.4}% 15
\BOOKMARK [2][-]{subsection.1.4.3}{\376\377\000S\000o\000l\000u\000t\000i\000o\000n\000\040\000p\000r\000o\000p\000o\000s\000\351\000e}{section.1.4}% 16
\BOOKMARK [1][-]{section.1.5}{\376\377\000P\000i\000l\000o\000t\000a\000g\000e\000\040\000d\000u\000\040\000p\000r\000o\000j\000e\000t}{chapter.1}% 17
\BOOKMARK [2][-]{subsection.1.5.1}{\376\377\000M\000\351\000t\000h\000o\000d\000o\000l\000o\000g\000i\000e\000\040\000A\000g\000i\000l\000e}{section.1.5}% 18
\BOOKMARK [2][-]{subsection.1.5.2}{\376\377\000L\000'\000a\000p\000p\000r\000o\000c\000h\000e\000\040\000S\000c\000r\000u\000m}{section.1.5}% 19
\BOOKMARK [2][-]{subsection.1.5.3}{\376\377\000B\000a\000c\000k\000l\000o\000g\000\040\000d\000u\000\040\000p\000r\000o\000d\000u\000i\000t}{section.1.5}% 20
\BOOKMARK [1][-]{section.1.6}{\376\377\000C\000o\000n\000c\000l\000u\000s\000i\000o\000n}{chapter.1}% 21
\BOOKMARK [0][-]{chapter.2}{\376\377\000A\000n\000a\000l\000y\000s\000e\000,\000\040\000C\000o\000n\000c\000e\000p\000t\000i\000o\000n\000\040\000e\000t\000\040\000A\000r\000c\000h\000i\000t\000e\000c\000t\000u\000r\000e\000\040}{}% 22
\BOOKMARK [1][-]{section.2.1}{\376\377\000I\000n\000t\000r\000o\000d\000u\000c\000t\000i\000o\000n}{chapter.2}% 23
\BOOKMARK [1][-]{section.2.2}{\376\377\000A\000n\000a\000l\000y\000s\000e\000\040\000e\000t\000\040\000S\000p\000\351\000c\000i\000f\000i\000c\000a\000t\000i\000o\000n\000\040\000d\000e\000s\000\040\000b\000e\000s\000o\000i\000n\000s}{chapter.2}% 24
\BOOKMARK [2][-]{subsection.2.2.1}{\376\377\000I\000d\000e\000n\000t\000i\000f\000i\000c\000a\000t\000i\000o\000n\000\040\000d\000e\000s\000\040\000a\000c\000t\000e\000u\000r\000s}{section.2.2}% 25
\BOOKMARK [2][-]{subsection.2.2.2}{\376\377\000R\000e\000c\000u\000e\000i\000l\000\040\000d\000e\000s\000\040\000b\000e\000s\000o\000i\000n\000s\000\040\000f\000o\000n\000c\000t\000i\000o\000n\000n\000e\000l\000s}{section.2.2}% 26
\BOOKMARK [2][-]{subsection.2.2.3}{\376\377\000R\000e\000c\000u\000e\000i\000l\000\040\000d\000e\000s\000\040\000b\000e\000s\000o\000i\000n\000s\000\040\000n\000o\000n\000\040\000f\000o\000n\000c\000t\000i\000o\000n\000n\000e\000l\000s}{section.2.2}% 27
\BOOKMARK [1][-]{section.2.3}{\376\377\000M\000o\000d\000\351\000l\000i\000s\000a\000t\000i\000o\000n\000\040\000d\000e\000s\000\040\000b\000e\000s\000o\000i\000n\000s}{chapter.2}% 28
\BOOKMARK [2][-]{subsection.2.3.1}{\376\377\000D\000i\000a\000g\000r\000a\000m\000m\000e\000\040\000d\000e\000\040\000c\000a\000s\000\040\000d\000'\000u\000t\000i\000l\000i\000s\000a\000t\000i\000o\000n}{section.2.3}% 29
\BOOKMARK [2][-]{subsection.2.3.2}{\376\377\000D\000i\000a\000g\000r\000a\000m\000m\000e\000\040\000d\000e\000\040\000s\000\351\000q\000u\000e\000n\000c\000e\000\040\000s\000y\000s\000t\000\350\000m\000e}{section.2.3}% 30
\BOOKMARK [2][-]{subsection.2.3.3}{\376\377\000D\000i\000a\000g\000r\000a\000m\000m\000e\000\040\000d\000e\000\040\000c\000l\000a\000s\000s\000e\000s\000\040\000g\000l\000o\000b\000a\000l}{section.2.3}% 31
\BOOKMARK [1][-]{section.2.4}{\376\377\000A\000r\000c\000h\000i\000t\000e\000c\000t\000u\000r\000e\000\040\000g\000l\000o\000b\000a\000l\000e}{chapter.2}% 32
\BOOKMARK [2][-]{subsection.2.4.1}{\376\377\000C\000h\000o\000i\000x\000\040\000a\000r\000c\000h\000i\000t\000e\000c\000t\000u\000r\000a\000u\000x}{section.2.4}% 33
\BOOKMARK [2][-]{subsection.2.4.2}{\376\377\000A\000r\000c\000h\000i\000t\000e\000c\000t\000u\000r\000e\000\040\000e\000t\000\040\000o\000r\000g\000a\000n\000i\000s\000a\000t\000i\000o\000n\000\040\000d\000e\000s\000\040\000c\000o\000m\000p\000o\000s\000a\000n\000t\000s}{section.2.4}% 34
\BOOKMARK [2][-]{subsection.2.4.3}{\376\377\000F\000l\000u\000x\000\040\000g\000l\000o\000b\000a\000l\000\040\000d\000e\000\040\000t\000r\000a\000i\000t\000e\000m\000e\000n\000t}{section.2.4}% 35
\BOOKMARK [1][-]{section.2.5}{\376\377\000C\000o\000n\000c\000l\000u\000s\000i\000o\000n}{chapter.2}% 36
\BOOKMARK [0][-]{chapter.3}{\376\377\000M\000o\000d\000u\000l\000e\000\040\000d\000'\000e\000n\000r\000i\000c\000h\000i\000s\000s\000e\000m\000e\000n\000t\000\040\000e\000t\000\040\000d\000e\000\040\000v\000a\000l\000i\000d\000a\000t\000i\000o\000n\000\040\000d\000e\000s\000\040\000p\000r\000o\000d\000u\000i\000t\000s}{}% 37
\BOOKMARK [1][-]{section.3.1}{\376\377\000I\000n\000t\000r\000o\000d\000u\000c\000t\000i\000o\000n}{chapter.3}% 38
\BOOKMARK [1][-]{section.3.2}{\376\377\000A\000r\000c\000h\000i\000t\000e\000c\000t\000u\000r\000e\000\040\000d\000u\000\040\000m\000i\000c\000r\000o\000s\000e\000r\000v\000i\000c\000e\000\040\000d\000'\000i\000n\000t\000e\000l\000l\000i\000g\000e\000n\000c\000e\000\040\000a\000r\000t\000i\000f\000i\000c\000i\000e\000l\000l\000e}{chapter.3}% 39
\BOOKMARK [2][-]{subsection.3.2.1}{\376\377\000C\000o\000u\000c\000h\000e\000\040\000d\000e\000s\000\040\000r\000o\000u\000t\000e\000s}{section.3.2}% 40
\BOOKMARK [2][-]{subsection.3.2.2}{\376\377\000C\000o\000u\000c\000h\000e\000\040\000d\000e\000s\000\040\000s\000c\000h\000\351\000m\000a\000s\000\040\000d\000e\000\040\000d\000o\000n\000n\000\351\000e\000s}{section.3.2}% 41
\BOOKMARK [2][-]{subsection.3.2.3}{\376\377\000C\000o\000u\000c\000h\000e\000\040\000d\000e\000s\000\040\000s\000e\000r\000v\000i\000c\000e\000s\000\040\000d\000e\000\040\000t\000r\000a\000i\000t\000e\000m\000e\000n\000t}{section.3.2}% 42
\BOOKMARK [2][-]{subsection.3.2.4}{\376\377\000C\000o\000u\000c\000h\000e\000\040\000d\000e\000s\000\040\000m\000o\000d\000\350\000l\000e\000s\000\040\000e\000t\000\040\000c\000o\000m\000p\000o\000s\000a\000n\000t\000s\000\040\000d\000'\000i\000n\000t\000e\000l\000l\000i\000g\000e\000n\000c\000e\000\040\000a\000r\000t\000i\000f\000i\000c\000i\000e\000l\000l\000e}{section.3.2}% 43
\BOOKMARK [1][-]{section.3.3}{\376\377\000M\000o\000d\000u\000l\000e\000\040\000d\000'\000e\000n\000r\000i\000c\000h\000i\000s\000s\000e\000m\000e\000n\000t\000\040\000i\000n\000t\000e\000l\000l\000i\000g\000e\000n\000t}{chapter.3}% 44
\BOOKMARK [2][-]{subsection.3.3.1}{\376\377\000G\000\351\000n\000\351\000r\000a\000t\000i\000o\000n\000\040\000a\000u\000t\000o\000m\000a\000t\000i\000q\000u\000e\000\040\000d\000e\000s\000\040\000d\000e\000s\000c\000r\000i\000p\000t\000i\000o\000n\000s}{section.3.3}% 45
\BOOKMARK [2][-]{subsection.3.3.2}{\376\377\000T\000r\000a\000d\000u\000c\000t\000i\000o\000n\000\040\000m\000u\000l\000t\000i\000l\000i\000n\000g\000u\000e}{section.3.3}% 46
\BOOKMARK [2][-]{subsection.3.3.3}{\376\377\000S\000t\000r\000u\000c\000t\000u\000r\000e\000\040\000d\000e\000\040\000l\000a\000\040\000r\000\351\000p\000o\000n\000s\000e\000\040\000d\000u\000\040\000s\000e\000r\000v\000i\000c\000e\000\040\000d\000'\000e\000n\000r\000i\000c\000h\000i\000s\000s\000e\000m\000e\000n\000t}{section.3.3}% 47
\BOOKMARK [1][-]{section.3.4}{\376\377\000M\000o\000d\000u\000l\000e\000\040\000d\000e\000\040\000v\000a\000l\000i\000d\000a\000t\000i\000o\000n\000\040\000:\000\040\000c\000o\000n\000t\000r\000\364\000l\000e\000\040\000d\000e\000\040\000q\000u\000a\000l\000i\000t\000\351\000\040\000a\000u\000t\000o\000m\000a\000t\000i\000q\000u\000e}{chapter.3}% 48
\BOOKMARK [2][-]{subsection.3.4.1}{\376\377\000C\000o\000u\000c\000h\000e\000\040\0001\000\040\000:\000\040\000V\000a\000l\000i\000d\000a\000t\000i\000o\000n\000\040\000s\000t\000r\000u\000c\000t\000u\000r\000e\000l\000l\000e}{section.3.4}% 49
\BOOKMARK [2][-]{subsection.3.4.2}{\376\377\000C\000o\000u\000c\000h\000e\000\040\0002\000\040\000:\000\040\000V\000a\000l\000i\000d\000a\000t\000i\000o\000n\000\040\000s\000\351\000m\000a\000n\000t\000i\000q\000u\000e}{section.3.4}% 50
\BOOKMARK [2][-]{subsection.3.4.3}{\376\377\000C\000o\000u\000c\000h\000e\000\040\0003\000\040\000:\000\040\000C\000o\000r\000r\000e\000c\000t\000i\000o\000n\000s\000\040\000a\000u\000t\000o\000m\000a\000t\000i\000q\000u\000e\000s\000\040\000e\000t\000\040\000s\000u\000g\000g\000e\000s\000t\000i\000o\000n\000s}{section.3.4}% 51
\BOOKMARK [2][-]{subsection.3.4.4}{\376\377\000C\000o\000u\000c\000h\000e\000\040\0004\000\040\000:\000\040\000C\000a\000l\000c\000u\000l\000\040\000d\000u\000\040\000s\000c\000o\000r\000e\000\040\000d\000e\000\040\000q\000u\000a\000l\000i\000t\000\351}{section.3.4}% 52
\BOOKMARK [2][-]{subsection.3.4.5}{\376\377\000S\000t\000a\000n\000d\000a\000r\000d\000i\000s\000a\000t\000i\000o\000n\000\040\000d\000e\000\040\000l\000a\000\040\000r\000\351\000p\000o\000n\000s\000e\000\040\000d\000e\000\040\000v\000a\000l\000i\000d\000a\000t\000i\000o\000n}{section.3.4}% 53
\BOOKMARK [1][-]{section.3.5}{\376\377\000C\000o\000n\000c\000l\000u\000s\000i\000o\000n}{chapter.3}% 54
\BOOKMARK [0][-]{chapter.4}{\376\377\000I\000n\000t\000\351\000g\000r\000a\000t\000i\000o\000n\000\040\000d\000a\000n\000s\000\040\000S\000A\000P\000\040\000C\000o\000m\000m\000e\000r\000c\000e\000\040\000C\000l\000o\000u\000d}{}% 55
\BOOKMARK [1][-]{section.4.1}{\376\377\000I\000n\000t\000r\000o\000d\000u\000c\000t\000i\000o\000n}{chapter.4}% 56
\BOOKMARK [1][-]{section.4.2}{\376\377\000P\000r\000\351\000s\000e\000n\000t\000a\000t\000i\000o\000n\000\040\000d\000e\000\040\000S\000A\000P\000\040\000C\000o\000m\000m\000e\000r\000c\000e\000\040\000C\000l\000o\000u\000d}{chapter.4}% 57
\BOOKMARK [2][-]{subsection.4.2.1}{\376\377\000O\000r\000g\000a\000n\000i\000s\000a\000t\000i\000o\000n\000\040\000e\000n\000\040\000c\000o\000u\000c\000h\000e\000s}{section.4.2}% 58
\BOOKMARK [2][-]{subsection.4.2.2}{\376\377\000D\000e\000s\000c\000r\000i\000p\000t\000i\000o\000n\000\040\000d\000e\000s\000\040\000p\000r\000i\000n\000c\000i\000p\000a\000l\000e\000s\000\040\000c\000o\000u\000c\000h\000e\000s}{section.4.2}% 59
\BOOKMARK [2][-]{subsection.4.2.3}{\376\377\000N\000o\000t\000i\000o\000n\000\040\000d\000e\000\040\000w\000o\000r\000k\000f\000l\000o\000w}{section.4.2}% 60
\BOOKMARK [1][-]{section.4.3}{\376\377\000I\000n\000t\000\351\000g\000r\000a\000t\000i\000o\000n\000\040\000d\000u\000\040\000m\000i\000c\000r\000o\000s\000e\000r\000v\000i\000c\000e\000\040\000I\000A\000\040\000d\000a\000n\000s\000\040\000S\000A\000P\000\040\000C\000o\000m\000m\000e\000r\000c\000e\000\040\000C\000l\000o\000u\000d}{chapter.4}% 61
\BOOKMARK [2][-]{subsection.4.3.1}{\376\377\000A\000r\000c\000h\000i\000t\000e\000c\000t\000u\000r\000e\000\040\000d\000e\000\040\000l\000'\000i\000n\000t\000\351\000g\000r\000a\000t\000i\000o\000n}{section.4.3}% 62
\BOOKMARK [2][-]{subsection.4.3.2}{\376\377\000C\000o\000m\000m\000u\000n\000i\000c\000a\000t\000i\000o\000n\000\040\000R\000E\000S\000T\000\040\000e\000n\000t\000r\000e\000\040\000l\000e\000s\000\040\000c\000o\000m\000p\000o\000s\000a\000n\000t\000s}{section.4.3}% 63
\BOOKMARK [1][-]{section.4.4}{\376\377\000P\000r\000\351\000s\000e\000n\000t\000a\000t\000i\000o\000n\000\040\000d\000u\000\040\000w\000o\000r\000k\000f\000l\000o\000w\000\040\000d\000'\000e\000n\000r\000i\000c\000h\000i\000s\000s\000e\000m\000e\000n\000t\000\040\000e\000t\000\040\000d\000e\000\040\000v\000a\000l\000i\000d\000a\000t\000i\000o\000n\000\040\000d\000e\000s\000\040\000p\000r\000o\000d\000u\000i\000t\000s}{chapter.4}% 64
\BOOKMARK [2][-]{subsection.4.4.1}{\376\377\000D\000\351\000r\000o\000u\000l\000e\000m\000e\000n\000t\000\040\000g\000l\000o\000b\000a\000l}{section.4.4}% 65
\BOOKMARK [2][-]{subsection.4.4.2}{\376\377\000G\000e\000s\000t\000i\000o\000n\000\040\000d\000e\000s\000\040\000\351\000t\000a\000t\000s\000\040\000d\000u\000\040\000p\000r\000o\000d\000u\000i\000t}{section.4.4}% 66
\BOOKMARK [1][-]{section.4.5}{\376\377\000R\000\351\000a\000l\000i\000s\000a\000t\000i\000o\000n\000\040\000d\000u\000\040\000w\000o\000r\000k\000f\000l\000o\000w\000\040\000d\000'\000e\000n\000r\000i\000c\000h\000i\000s\000s\000e\000m\000e\000n\000t\000\040\000e\000t\000\040\000d\000e\000\040\000v\000a\000l\000i\000d\000a\000t\000i\000o\000n}{chapter.4}% 67
\BOOKMARK [2][-]{subsection.4.5.1}{\376\377\000C\000o\000n\000f\000i\000g\000u\000r\000a\000t\000i\000o\000n\000\040\000d\000u\000\040\000w\000o\000r\000k\000f\000l\000o\000w}{section.4.5}% 68
\BOOKMARK [2][-]{subsection.4.5.2}{\376\377\000A\000c\000t\000i\000o\000n\000\040\0001\000\040\000:\000\040\000D\000\351\000c\000l\000e\000n\000c\000h\000e\000m\000e\000n\000t\000\040\000d\000u\000\040\000w\000o\000r\000k\000f\000l\000o\000w}{section.4.5}% 69
\BOOKMARK [2][-]{subsection.4.5.3}{\376\377\000A\000c\000t\000i\000o\000n\000\040\0002\000\040\000:\000\040\000S\000\351\000l\000e\000c\000t\000i\000o\000n\000\040\000d\000e\000s\000\040\000c\000h\000a\000m\000p\000s\000\040\000e\000t\000\040\000d\000e\000s\000\040\000l\000a\000n\000g\000u\000e\000s}{section.4.5}% 70
\BOOKMARK [2][-]{subsection.4.5.4}{\376\377\000A\000c\000t\000i\000o\000n\000\040\0003\000\040\000:\000\040\000E\000n\000r\000i\000c\000h\000i\000s\000s\000e\000m\000e\000n\000t\000\040\000a\000u\000t\000o\000m\000a\000t\000i\000q\000u\000e\000\040\000d\000u\000\040\000p\000r\000o\000d\000u\000i\000t}{section.4.5}% 71
\BOOKMARK [2][-]{subsection.4.5.5}{\376\377\000A\000c\000t\000i\000o\000n\000\040\0004\000\040\000:\000\040\000V\000a\000l\000i\000d\000a\000t\000i\000o\000n\000\040\000a\000u\000t\000o\000m\000a\000t\000i\000q\000u\000e\000\040\000d\000e\000s\000\040\000r\000\351\000s\000u\000l\000t\000a\000t\000s}{section.4.5}% 72
\BOOKMARK [2][-]{subsection.4.5.6}{\376\377\000A\000c\000t\000i\000o\000n\000\040\0005\000\040\000:\000\040\000C\000o\000n\000s\000u\000l\000t\000a\000t\000i\000o\000n\000\040\000d\000e\000s\000\040\000r\000\351\000s\000u\000l\000t\000a\000t\000s}{section.4.5}% 73
\BOOKMARK [2][-]{subsection.4.5.7}{\376\377\000A\000c\000t\000i\000o\000n\000\040\0006\000\040\000:\000\040\000V\000a\000l\000i\000d\000a\000t\000i\000o\000n\000\040\000d\000u\000\040\000p\000r\000o\000d\000u\000i\000t}{section.4.5}% 74
\BOOKMARK [1][-]{section.4.6}{\376\377\000C\000o\000n\000c\000l\000u\000s\000i\000o\000n}{chapter.4}% 75
\BOOKMARK [0][-]{chapter*.97}{\376\377\000C\000o\000n\000c\000l\000u\000s\000i\000o\000n\000\040\000g\000\351\000n\000\351\000r\000a\000l\000e\000\040\000e\000t\000\040\000p\000e\000r\000s\000p\000e\000c\000t\000i\000v\000e\000s}{}% 76
\BOOKMARK [0][-]{appendix.A}{\376\377\000A\000n\000n\000e\000x\000e\000\040\0001}{}% 77
\BOOKMARK [0][-]{appendix.A}{\376\377\000B\000i\000b\000l\000i\000o\000g\000r\000a\000p\000h\000i\000e}{}% 78
\BOOKMARK [0][-]{appendix*.98}{\376\377\000N\000e\000t\000o\000g\000r\000a\000p\000h\000i\000e}{}% 79
